#! /c/Source/iverilog-install/bin/vvp
:ivl_version "12.0 (devel)" "(s20150603-1539-g2693dd32b)";
:ivl_delay_selection "TYPICAL";
:vpi_time_precision + 0;
:vpi_module "D:\iverilog\lib\ivl\system.vpi";
:vpi_module "D:\iverilog\lib\ivl\vhdl_sys.vpi";
:vpi_module "D:\iverilog\lib\ivl\vhdl_textio.vpi";
:vpi_module "D:\iverilog\lib\ivl\v2005_math.vpi";
:vpi_module "D:\iverilog\lib\ivl\va_math.vpi";
S_000001acfc4c57f0 .scope module, "half_adder_behavioral_tb" "half_adder_behavioral_tb" 2 1;
 .timescale 0 0;
v000001acfc60bcb0_0 .var "A", 0 0;
v000001acfc60bd50_0 .var "B", 0 0;
v000001acfc60bdf0_0 .net "Carry", 0 0, v000001acfc4c5b10_0;  1 drivers
v000001acfc60be90_0 .net "Sum", 0 0, v000001acfc4c5bb0_0;  1 drivers
S_000001acfc4c5980 .scope module, "dut" "half_adder_behavioral" 2 9, 3 1 0, S_000001acfc4c57f0;
 .timescale 0 0;
    .port_info 0 /INPUT 1 "A";
    .port_info 1 /INPUT 1 "B";
    .port_info 2 /OUTPUT 1 "Sum";
    .port_info 3 /OUTPUT 1 "Carry";
v000001acfc492da0_0 .net "A", 0 0, v000001acfc60bcb0_0;  1 drivers
v000001acfc492b20_0 .net "B", 0 0, v000001acfc60bd50_0;  1 drivers
v000001acfc4c5b10_0 .var "Carry", 0 0;
v000001acfc4c5bb0_0 .var "Sum", 0 0;
E_000001acfc60c2c0 .event anyedge, v000001acfc492da0_0, v000001acfc492b20_0;
    .scope S_000001acfc4c5980;
T_0 ;
    %wait E_000001acfc60c2c0;
    %load/vec4 v000001acfc492da0_0;
    %load/vec4 v000001acfc492b20_0;
    %xor;
    %store/vec4 v000001acfc4c5bb0_0, 0, 1;
    %load/vec4 v000001acfc492da0_0;
    %load/vec4 v000001acfc492b20_0;
    %and;
    %store/vec4 v000001acfc4c5b10_0, 0, 1;
    %jmp T_0;
    .thread T_0, $push;
    .scope S_000001acfc4c57f0;
T_1 ;
    %vpi_call 2 17 "$dumpfile", "01_Half_Adder/waveforms/half_adder_behavioral.vcd" {0 0 0};
    %vpi_call 2 18 "$dumpvars", 32'sb00000000000000000000000000000000, S_000001acfc4c57f0 {0 0 0};
    %vpi_call 2 20 "$display", "Time\011A\011BTSum\011Carry" {0 0 0};
    %vpi_call 2 21 "$display", "%0t\011%b\011%b\011%b\011%b", $time, v000001acfc60bcb0_0, v000001acfc60bd50_0, v000001acfc60be90_0, v000001acfc60bdf0_0 {0 0 0};
    %pushi/vec4 0, 0, 1;
    %store/vec4 v000001acfc60bcb0_0, 0, 1;
    %pushi/vec4 0, 0, 1;
    %store/vec4 v000001acfc60bd50_0, 0, 1;
    %delay 10, 0;
    %pushi/vec4 0, 0, 1;
    %store/vec4 v000001acfc60bcb0_0, 0, 1;
    %pushi/vec4 1, 0, 1;
    %store/vec4 v000001acfc60bd50_0, 0, 1;
    %delay 10, 0;
    %pushi/vec4 1, 0, 1;
    %store/vec4 v000001acfc60bcb0_0, 0, 1;
    %pushi/vec4 0, 0, 1;
    %store/vec4 v000001acfc60bd50_0, 0, 1;
    %delay 10, 0;
    %pushi/vec4 1, 0, 1;
    %store/vec4 v000001acfc60bcb0_0, 0, 1;
    %pushi/vec4 1, 0, 1;
    %store/vec4 v000001acfc60bd50_0, 0, 1;
    %delay 10, 0;
    %vpi_call 2 28 "$finish" {0 0 0};
    %end;
    .thread T_1;
# The file index is used to find the file name in the following table.
:file_names 4;
    "N/A";
    "<interactive>";
    ".\01_Half_Adder\tb\verilog\half_adder_behavioral_tb.v";
    ".\01_Half_Adder\rtl\verilog\half_adder_behavioral.v";
