#! /c/Source/iverilog-install/bin/vvp
:ivl_version "12.0 (devel)" "(s20150603-1539-g2693dd32b)";
:ivl_delay_selection "TYPICAL";
:vpi_time_precision - 12;
:vpi_module "D:\iverilog\lib\ivl\system.vpi";
:vpi_module "D:\iverilog\lib\ivl\vhdl_sys.vpi";
:vpi_module "D:\iverilog\lib\ivl\vhdl_textio.vpi";
:vpi_module "D:\iverilog\lib\ivl\v2005_math.vpi";
:vpi_module "D:\iverilog\lib\ivl\va_math.vpi";
S_0000021b8e679530 .scope module, "half_adder_dataflow_tb" "half_adder_dataflow_tb" 2 3;
 .timescale -9 -12;
v0000021b8e6784b0_0 .var "A", 0 0;
v0000021b8e6c55b0_0 .var "B", 0 0;
v0000021b8e6c5650_0 .net "Carry", 0 0, L_0000021b8e692da0;  1 drivers
v0000021b8e6c56f0_0 .net "Sum", 0 0, L_0000021b8e678550;  1 drivers
S_0000021b8e6c5420 .scope module, "dut" "half_adder_dataflow" 2 11, 3 1 0, S_0000021b8e679530;
 .timescale 0 0;
    .port_info 0 /INPUT 1 "A";
    .port_info 1 /INPUT 1 "B";
    .port_info 2 /OUTPUT 1 "Sum";
    .port_info 3 /OUTPUT 1 "Carry";
L_0000021b8e678550 .functor XOR 1, v0000021b8e6784b0_0, v0000021b8e6c55b0_0, C4<0>, C4<0>;
L_0000021b8e692da0 .functor AND 1, v0000021b8e6784b0_0, v0000021b8e6c55b0_0, C4<1>, C4<1>;
v0000021b8e692fc0_0 .net "A", 0 0, v0000021b8e6784b0_0;  1 drivers
v0000021b8e692b20_0 .net "B", 0 0, v0000021b8e6c55b0_0;  1 drivers
v0000021b8e679ac0_0 .net "Carry", 0 0, L_0000021b8e692da0;  alias, 1 drivers
v0000021b8e6796c0_0 .net "Sum", 0 0, L_0000021b8e678550;  alias, 1 drivers
    .scope S_0000021b8e679530;
T_0 ;
    %vpi_call 2 19 "$dumpfile", "01_Half_Adder/waveforms/half_adder_dataflow.vcd" {0 0 0};
    %vpi_call 2 20 "$dumpvars" {0 0 0};
    %vpi_call 2 22 "$display", "Time\011A B | Sum Carry" {0 0 0};
    %vpi_call 2 23 "$monitor", "%0t\011%b %b | %b    %b", $time, v0000021b8e6784b0_0, v0000021b8e6c55b0_0, v0000021b8e6c56f0_0, v0000021b8e6c5650_0 {0 0 0};
    %pushi/vec4 0, 0, 1;
    %store/vec4 v0000021b8e6784b0_0, 0, 1;
    %pushi/vec4 0, 0, 1;
    %store/vec4 v0000021b8e6c55b0_0, 0, 1;
    %delay 10000, 0;
    %pushi/vec4 0, 0, 1;
    %store/vec4 v0000021b8e6784b0_0, 0, 1;
    %pushi/vec4 1, 0, 1;
    %store/vec4 v0000021b8e6c55b0_0, 0, 1;
    %delay 10000, 0;
    %pushi/vec4 1, 0, 1;
    %store/vec4 v0000021b8e6784b0_0, 0, 1;
    %pushi/vec4 0, 0, 1;
    %store/vec4 v0000021b8e6c55b0_0, 0, 1;
    %delay 10000, 0;
    %pushi/vec4 1, 0, 1;
    %store/vec4 v0000021b8e6784b0_0, 0, 1;
    %pushi/vec4 1, 0, 1;
    %store/vec4 v0000021b8e6c55b0_0, 0, 1;
    %delay 10000, 0;
    %vpi_call 2 30 "$finish" {0 0 0};
    %end;
    .thread T_0;
# The file index is used to find the file name in the following table.
:file_names 4;
    "N/A";
    "<interactive>";
    "01_Half_Adder/tb/verilog/half_adder_dataflow_tb.v";
    "01_Half_Adder/rtl/verilog/half_adder_dataflow.v";
