#! /c/Source/iverilog-install/bin/vvp
:ivl_version "12.0 (devel)" "(s20150603-1539-g2693dd32b)";
:ivl_delay_selection "TYPICAL";
:vpi_time_precision - 12;
:vpi_module "D:\iverilog\lib\ivl\system.vpi";
:vpi_module "D:\iverilog\lib\ivl\vhdl_sys.vpi";
:vpi_module "D:\iverilog\lib\ivl\vhdl_textio.vpi";
:vpi_module "D:\iverilog\lib\ivl\v2005_math.vpi";
:vpi_module "D:\iverilog\lib\ivl\va_math.vpi";
:vpi_module "D:\iverilog\lib\ivl\v2009.vpi";
S_0000016f87f9a4a0 .scope package, "$unit" "$unit" 2 1;
 .timescale 0 0;
S_0000016f87e75940 .scope module, "half_adder_behavioral_tb" "half_adder_behavioral_tb" 3 3;
 .timescale -9 -12;
v0000016f87e75c60_0 .var "A", 0 0;
v0000016f87e75d00_0 .var "B", 0 0;
v0000016f87f9bd40_0 .net "Carry", 0 0, v0000016f87f9ab40_0;  1 drivers
v0000016f87f9bde0_0 .net "Sum", 0 0, v0000016f87f9a630_0;  1 drivers
S_0000016f87e75ad0 .scope module, "dut" "half_adder_behavioral" 3 11, 4 1 0, S_0000016f87e75940;
 .timescale 0 0;
    .port_info 0 /INPUT 1 "A";
    .port_info 1 /INPUT 1 "B";
    .port_info 2 /OUTPUT 1 "Sum";
    .port_info 3 /OUTPUT 1 "Carry";
v0000016f87e42e10_0 .net "A", 0 0, v0000016f87e75c60_0;  1 drivers
v0000016f87e42b20_0 .net "B", 0 0, v0000016f87e75d00_0;  1 drivers
v0000016f87f9ab40_0 .var "Carry", 0 0;
v0000016f87f9a630_0 .var "Sum", 0 0;
E_0000016f87f9c870 .event anyedge, v0000016f87e42e10_0, v0000016f87e42b20_0;
    .scope S_0000016f87e75ad0;
T_0 ;
Ewait_0 .event/or E_0000016f87f9c870, E_0x0;
    %wait Ewait_0;
    %load/vec4 v0000016f87e42e10_0;
    %load/vec4 v0000016f87e42b20_0;
    %xor;
    %store/vec4 v0000016f87f9a630_0, 0, 1;
    %load/vec4 v0000016f87e42e10_0;
    %load/vec4 v0000016f87e42b20_0;
    %and;
    %store/vec4 v0000016f87f9ab40_0, 0, 1;
    %jmp T_0;
    .thread T_0, $push;
    .scope S_0000016f87e75940;
T_1 ;
    %vpi_call/w 3 19 "$dumpfile", "01_Half_Adder/waveforms/half_adder_behavioral_sv.vcd" {0 0 0};
    %vpi_call/w 3 20 "$dumpvars" {0 0 0};
    %vpi_call/w 3 22 "$display", "Time\011A B | Sum Carry" {0 0 0};
    %vpi_call/w 3 23 "$monitor", "%0t\011%b %b | %b    %b", $time, v0000016f87e75c60_0, v0000016f87e75d00_0, v0000016f87f9bde0_0, v0000016f87f9bd40_0 {0 0 0};
    %pushi/vec4 0, 0, 1;
    %store/vec4 v0000016f87e75c60_0, 0, 1;
    %pushi/vec4 0, 0, 1;
    %store/vec4 v0000016f87e75d00_0, 0, 1;
    %delay 10000, 0;
    %pushi/vec4 0, 0, 1;
    %store/vec4 v0000016f87e75c60_0, 0, 1;
    %pushi/vec4 1, 0, 1;
    %store/vec4 v0000016f87e75d00_0, 0, 1;
    %delay 10000, 0;
    %pushi/vec4 1, 0, 1;
    %store/vec4 v0000016f87e75c60_0, 0, 1;
    %pushi/vec4 0, 0, 1;
    %store/vec4 v0000016f87e75d00_0, 0, 1;
    %delay 10000, 0;
    %pushi/vec4 1, 0, 1;
    %store/vec4 v0000016f87e75c60_0, 0, 1;
    %pushi/vec4 1, 0, 1;
    %store/vec4 v0000016f87e75d00_0, 0, 1;
    %delay 10000, 0;
    %vpi_call/w 3 30 "$finish" {0 0 0};
    %end;
    .thread T_1;
# The file index is used to find the file name in the following table.
:file_names 5;
    "N/A";
    "<interactive>";
    "-";
    "01_Half_Adder/tb/systemverilog/half_adder_behavioral_tb.sv";
    "01_Half_Adder/rtl/systemverilog/half_adder_behavioral.sv";
