#! /c/Source/iverilog-install/bin/vvp
:ivl_version "12.0 (devel)" "(s20150603-1539-g2693dd32b)";
:ivl_delay_selection "TYPICAL";
:vpi_time_precision - 12;
:vpi_module "D:\iverilog\lib\ivl\system.vpi";
:vpi_module "D:\iverilog\lib\ivl\vhdl_sys.vpi";
:vpi_module "D:\iverilog\lib\ivl\vhdl_textio.vpi";
:vpi_module "D:\iverilog\lib\ivl\v2005_math.vpi";
:vpi_module "D:\iverilog\lib\ivl\va_math.vpi";
:vpi_module "D:\iverilog\lib\ivl\v2009.vpi";
S_000001f564ecab80 .scope package, "$unit" "$unit" 2 1;
 .timescale 0 0;
S_000001f564f15a20 .scope module, "half_adder_dataflow_tb" "half_adder_dataflow_tb" 3 3;
 .timescale -9 -12;
v000001f564ecad10_0 .var "A", 0 0;
v000001f564ec9670_0 .var "B", 0 0;
v000001f564ecb0a0_0 .net "Carry", 0 0, L_000001f564eca660;  1 drivers
v000001f564f15d40_0 .net "Sum", 0 0, L_000001f564eca510;  1 drivers
S_000001f564f15bb0 .scope module, "dut" "half_adder_dataflow" 3 11, 4 1 0, S_000001f564f15a20;
 .timescale 0 0;
    .port_info 0 /INPUT 1 "A";
    .port_info 1 /INPUT 1 "B";
    .port_info 2 /OUTPUT 1 "Sum";
    .port_info 3 /OUTPUT 1 "Carry";
L_000001f564eca510 .functor XOR 1, v000001f564ecad10_0, v000001f564ec9670_0, C4<0>, C4<0>;
L_000001f564eca660 .functor AND 1, v000001f564ecad10_0, v000001f564ec9670_0, C4<1>, C4<1>;
v000001f564ee30a0_0 .net "A", 0 0, v000001f564ecad10_0;  1 drivers
v000001f564ee2b20_0 .net "B", 0 0, v000001f564ec9670_0;  1 drivers
v000001f564eca290_0 .net "Carry", 0 0, L_000001f564eca660;  alias, 1 drivers
v000001f564ecbeb0_0 .net "Sum", 0 0, L_000001f564eca510;  alias, 1 drivers
    .scope S_000001f564f15a20;
T_0 ;
    %vpi_call/w 3 19 "$dumpfile", "01_Half_Adder/waveforms/half_adder_dataflow_sv.vcd" {0 0 0};
    %vpi_call/w 3 20 "$dumpvars" {0 0 0};
    %vpi_call/w 3 22 "$display", "Time\011A B | Sum Carry" {0 0 0};
    %vpi_call/w 3 23 "$monitor", "%0t\011%b %b | %b    %b", $time, v000001f564ecad10_0, v000001f564ec9670_0, v000001f564f15d40_0, v000001f564ecb0a0_0 {0 0 0};
    %pushi/vec4 0, 0, 1;
    %store/vec4 v000001f564ecad10_0, 0, 1;
    %pushi/vec4 0, 0, 1;
    %store/vec4 v000001f564ec9670_0, 0, 1;
    %delay 10000, 0;
    %pushi/vec4 0, 0, 1;
    %store/vec4 v000001f564ecad10_0, 0, 1;
    %pushi/vec4 1, 0, 1;
    %store/vec4 v000001f564ec9670_0, 0, 1;
    %delay 10000, 0;
    %pushi/vec4 1, 0, 1;
    %store/vec4 v000001f564ecad10_0, 0, 1;
    %pushi/vec4 0, 0, 1;
    %store/vec4 v000001f564ec9670_0, 0, 1;
    %delay 10000, 0;
    %pushi/vec4 1, 0, 1;
    %store/vec4 v000001f564ecad10_0, 0, 1;
    %pushi/vec4 1, 0, 1;
    %store/vec4 v000001f564ec9670_0, 0, 1;
    %delay 10000, 0;
    %vpi_call/w 3 30 "$finish" {0 0 0};
    %end;
    .thread T_0;
# The file index is used to find the file name in the following table.
:file_names 5;
    "N/A";
    "<interactive>";
    "-";
    "01_Half_Adder/tb/systemverilog/half_adder_dataflow_tb.sv";
    "01_Half_Adder/rtl/systemverilog/half_adder_dataflow.sv";
